I'm sorry, but errors were detected in your script. Please correct the
errors listed below, and try again.


File "game/script.rpy", line 49: expected statement.
    fade = Fade(0.5, 0, 0.5)
         ^

Ren'Py Version: Ren'Py 8.1.3.23091805
Thu Nov 16 03:24:59 2023
